test_compound_numbers (__main__.TestWordToNumericValueMixin) ... FAIL
test_invalid_input (__main__.TestWordToNumericValueMixin) ... 
